TAP version 13
ok 1 - Icecave\Woodhouse\BuildStatus\Readers\CommandLineReaderTest::testReadPercentage
ok 2 - Icecave\Woodhouse\BuildStatus\Readers\JUnitReaderTest::testReadStatus
ok 3 - Icecave\Woodhouse\BuildStatus\Readers\JUnitReaderTest::testReadStatusError
ok 4 - Icecave\Woodhouse\BuildStatus\Readers\JUnitReaderTest::testReadStatusFail
ok 5 - Icecave\Woodhouse\BuildStatus\Readers\JUnitReaderTest::testReadStatusFailure
ok 6 - Icecave\Woodhouse\BuildStatus\Readers\PhpUnitJsonReaderTest::testReadStatus
ok 7 - Icecave\Woodhouse\BuildStatus\Readers\PhpUnitJsonReaderTest::testReadStatusError
ok 8 - Icecave\Woodhouse\BuildStatus\Readers\PhpUnitJsonReaderTest::testReadStatusFail
ok 9 - Icecave\Woodhouse\BuildStatus\Readers\PhpUnitJsonReaderTest::testReadStatusFailure
ok 10 - Icecave\Woodhouse\BuildStatus\Readers\TapReaderTest::testReadStatus
ok 11 - Icecave\Woodhouse\BuildStatus\Readers\TapReaderTest::testReadStatusFailing
ok 12 - Icecave\Woodhouse\BuildStatus\Readers\TapReaderTest::testReadStatusFailure
ok 13 - Icecave\Woodhouse\BuildStatus\StatusImageSelectorTest::testImageFilename
ok 14 - Icecave\Woodhouse\BuildStatus\StatusReaderFactoryTest::testSupportedTypes
ok 15 - Icecave\Woodhouse\BuildStatus\StatusReaderFactoryTest::testCreateJUnit
ok 16 - Icecave\Woodhouse\BuildStatus\StatusReaderFactoryTest::testCreatePhpUnit
ok 17 - Icecave\Woodhouse\BuildStatus\StatusReaderFactoryTest::testCreateCommandLine
ok 18 - Icecave\Woodhouse\BuildStatus\StatusReaderFactoryTest::testCreateTap
ok 19 - Icecave\Woodhouse\BuildStatus\StatusReaderFactoryTest::testCreateFailure
ok 20 - Icecave\Woodhouse\Console\ApplicationTest::testConstructor
ok 21 - Icecave\Woodhouse\Console\ApplicationTest::testCommands
ok 22 - Icecave\Woodhouse\Console\ApplicationTest::testHelpers
ok 23 - Icecave\Woodhouse\Console\ApplicationTest::testVendorPath
ok 24 - Icecave\Woodhouse\Console\Command\GitHub\CreateAuthorizationCommandTest::testConstructor
ok 25 - Icecave\Woodhouse\Console\Command\GitHub\CreateAuthorizationCommandTest::testConstructorDefaults
ok 26 - Icecave\Woodhouse\Console\Command\GitHub\CreateAuthorizationCommandTest::testClientUserAgent
ok 27 - Icecave\Woodhouse\Console\Command\GitHub\CreateAuthorizationCommandTest::testConfigure
ok 28 - Icecave\Woodhouse\Console\Command\GitHub\CreateAuthorizationCommandTest::testExecute
ok 29 - Icecave\Woodhouse\Console\Command\GitHub\CreateAuthorizationCommandTest::testExecuteInteractiveCredentials
ok 30 - Icecave\Woodhouse\Console\Command\GitHub\CreateAuthorizationCommandTest::testExecuteOverrideDetails
ok 31 - Icecave\Woodhouse\Console\Command\GitHub\CreateAuthorizationCommandTest::testExecuteDefaultDetails
ok 32 - Icecave\Woodhouse\Console\Command\GitHub\DeleteAuthorizationCommandTest::testConstructor
ok 33 - Icecave\Woodhouse\Console\Command\GitHub\DeleteAuthorizationCommandTest::testConstructorDefaults
ok 34 - Icecave\Woodhouse\Console\Command\GitHub\DeleteAuthorizationCommandTest::testClientUserAgent
ok 35 - Icecave\Woodhouse\Console\Command\GitHub\DeleteAuthorizationCommandTest::testConfigure
ok 36 - Icecave\Woodhouse\Console\Command\GitHub\DeleteAuthorizationCommandTest::testExecute
ok 37 - Icecave\Woodhouse\Console\Command\GitHub\DeleteAuthorizationCommandTest::testExecuteInteractiveCredentials
ok 38 - Icecave\Woodhouse\Console\Command\GitHub\ListAuthorizationsCommandTest::testConstructor
ok 39 - Icecave\Woodhouse\Console\Command\GitHub\ListAuthorizationsCommandTest::testConstructorDefaults
ok 40 - Icecave\Woodhouse\Console\Command\GitHub\ListAuthorizationsCommandTest::testClientUserAgent
ok 41 - Icecave\Woodhouse\Console\Command\GitHub\ListAuthorizationsCommandTest::testConfigure
ok 42 - Icecave\Woodhouse\Console\Command\GitHub\ListAuthorizationsCommandTest::testExecute
ok 43 - Icecave\Woodhouse\Console\Command\GitHub\ListAuthorizationsCommandTest::testExecuteInteractiveCredentials
ok 44 - Icecave\Woodhouse\Console\Command\GitHub\ListAuthorizationsCommandTest::testExecuteOverridePatterns
ok 45 - Icecave\Woodhouse\Console\Command\GitHub\ListAuthorizationsCommandTest::testExecuteDefaultPatterns
ok 46 - Icecave\Woodhouse\Console\Command\PublishCommandTest::testConstructorDefaults
ok 47 - Icecave\Woodhouse\Console\Command\PublishCommandTest::testConfigure
ok 48 - Icecave\Woodhouse\Console\Command\PublishCommandTest::testExecute
ok 49 - Icecave\Woodhouse\Console\Command\PublishCommandTest::testExecuteNoChanges
ok 50 - Icecave\Woodhouse\Console\Command\PublishCommandTest::testExecuteWithAuthToken
ok 51 - Icecave\Woodhouse\Console\Command\PublishCommandTest::testExecuteWithAuthTokenEnv
ok 52 - Icecave\Woodhouse\Console\Command\PublishCommandTest::testExecuteFailureWithAuthTokenAndAuthTokenEnv
ok 53 - Icecave\Woodhouse\Console\Command\PublishCommandTest::testExecuteWithCommitMessage
ok 54 - Icecave\Woodhouse\Console\Command\PublishCommandTest::testExecuteFailureNoContent
ok 55 - Icecave\Woodhouse\Console\Command\PublishCommandTest::testExecuteFailureNoArguments
ok 56 - Icecave\Woodhouse\Console\Command\PublishCommandTest::testExecuteFailureWithInvalidContentSpecifier
ok 57 - Icecave\Woodhouse\Console\Command\PublishCommandTest::testExecuteWithUnknownTheme
ok 58 - Icecave\Woodhouse\Console\Command\PublishCommandTest::testExecuteWithBuildStatusImage
ok 59 - Icecave\Woodhouse\Console\Command\PublishCommandTest::testExecuteWithBuildStatusImageWithMultipleThemes
ok 60 - Icecave\Woodhouse\Console\Command\PublishCommandTest::testExecuteFailureMultipleBuildStatuses
ok 61 - Icecave\Woodhouse\Console\Command\PublishCommandTest::testExecuteFailureBuildStatusImageWithNoStatus
ok 62 - Icecave\Woodhouse\Console\Command\PublishCommandTest::testExecuteFailureBuildStatusWithNoImage
ok 63 - Icecave\Woodhouse\Console\Command\PublishCommandTest::testExecuteWithCoverageImage
ok 64 - Icecave\Woodhouse\Console\Command\PublishCommandTest::testExecuteWithCoverageImageWithMultipleThemes
ok 65 - Icecave\Woodhouse\Console\Command\PublishCommandTest::testExecuteFailureMultipleCoveragePercentages
ok 66 - Icecave\Woodhouse\Console\Command\PublishCommandTest::testExecuteFailureCoverageImageWithNoPercentage
ok 67 - Icecave\Woodhouse\Console\Command\PublishCommandTest::testExecuteFailureCoverageWithNoImage
ok 68 - Icecave\Woodhouse\Console\Command\PublishCommandTest::testExecuteWithVerbose
ok 69 - Icecave\Woodhouse\Console\Command\PublishCommandTest::testExecuteWithDryRun
ok 70 - Icecave\Woodhouse\Console\Command\PublishCommandTest::testExecuteWithDryRunNoChanges
ok 71 - Icecave\Woodhouse\Console\Command\PublishCommandTest::testExecuteWithErrorBuildStatusWhenNonInteractive
ok 72 - Icecave\Woodhouse\Console\Command\PublishCommandTest::testExecuteWithErrorCoverageWhenNonInteractive
ok 73 - Icecave\Woodhouse\Console\Helper\HiddenInputHelperTest::testConstructor
ok 74 - Icecave\Woodhouse\Console\Helper\HiddenInputHelperTest::testConstructorDefaults
ok 75 - Icecave\Woodhouse\Console\Helper\HiddenInputHelperTest::testAskHiddenResponseStty
ok 76 - Icecave\Woodhouse\Console\Helper\HiddenInputHelperTest::testAskHiddenResponseSttyFailureFgets
ok 77 - Icecave\Woodhouse\Console\Helper\HiddenInputHelperTest::testAskHiddenResponseSttyFailureExecute
ok 78 - Icecave\Woodhouse\Console\Helper\HiddenInputHelperTest::testAskHiddenResponseWindows
ok 79 - Icecave\Woodhouse\Console\Helper\HiddenInputHelperTest::testAskHiddenResponseWindowsFailureExecute
ok 80 - Icecave\Woodhouse\Coverage\CoverageImageSelectorTest::testRoundPercentage with data set #0 (0.0, 0)
ok 81 - Icecave\Woodhouse\Coverage\CoverageImageSelectorTest::testRoundPercentage with data set #1 (0.5, 0)
ok 82 - Icecave\Woodhouse\Coverage\CoverageImageSelectorTest::testRoundPercentage with data set #2 (1.0, 0)
ok 83 - Icecave\Woodhouse\Coverage\CoverageImageSelectorTest::testRoundPercentage with data set #3 (1.5, 0)
ok 84 - Icecave\Woodhouse\Coverage\CoverageImageSelectorTest::testRoundPercentage with data set #4 (2.0, 0)
ok 85 - Icecave\Woodhouse\Coverage\CoverageImageSelectorTest::testRoundPercentage with data set #5 (2.5, 0)
ok 86 - Icecave\Woodhouse\Coverage\CoverageImageSelectorTest::testRoundPercentage with data set #6 (3.0, 0)
ok 87 - Icecave\Woodhouse\Coverage\CoverageImageSelectorTest::testRoundPercentage with data set #7 (3.5, 0)
ok 88 - Icecave\Woodhouse\Coverage\CoverageImageSelectorTest::testRoundPercentage with data set #8 (4.0, 0)
ok 89 - Icecave\Woodhouse\Coverage\CoverageImageSelectorTest::testRoundPercentage with data set #9 (4.5, 0)
ok 90 - Icecave\Woodhouse\Coverage\CoverageImageSelectorTest::testRoundPercentage with data set #10 (5.0, 5)
ok 91 - Icecave\Woodhouse\Coverage\CoverageImageSelectorTest::testRoundPercentage with data set #11 (5.5, 5)
ok 92 - Icecave\Woodhouse\Coverage\CoverageImageSelectorTest::testRoundPercentage with data set #12 (6.0, 5)
ok 93 - Icecave\Woodhouse\Coverage\CoverageImageSelectorTest::testRoundPercentage with data set #13 (6.5, 5)
ok 94 - Icecave\Woodhouse\Coverage\CoverageImageSelectorTest::testRoundPercentage with data set #14 (7.0, 5)
ok 95 - Icecave\Woodhouse\Coverage\CoverageImageSelectorTest::testRoundPercentage with data set #15 (7.5, 5)
ok 96 - Icecave\Woodhouse\Coverage\CoverageImageSelectorTest::testRoundPercentage with data set #16 (8.0, 5)
ok 97 - Icecave\Woodhouse\Coverage\CoverageImageSelectorTest::testRoundPercentage with data set #17 (8.5, 5)
ok 98 - Icecave\Woodhouse\Coverage\CoverageImageSelectorTest::testRoundPercentage with data set #18 (9.0, 5)
ok 99 - Icecave\Woodhouse\Coverage\CoverageImageSelectorTest::testRoundPercentage with data set #19 (9.5, 5)
ok 100 - Icecave\Woodhouse\Coverage\CoverageImageSelectorTest::testRoundPercentage with data set #20 (10.0, 10)
ok 101 - Icecave\Woodhouse\Coverage\CoverageImageSelectorTest::testRoundPercentage with data set #21 (10.5, 10)
ok 102 - Icecave\Woodhouse\Coverage\CoverageImageSelectorTest::testRoundPercentage with data set #22 (11.0, 10)
ok 103 - Icecave\Woodhouse\Coverage\CoverageImageSelectorTest::testRoundPercentage with data set #23 (11.5, 10)
ok 104 - Icecave\Woodhouse\Coverage\CoverageImageSelectorTest::testRoundPercentage with data set #24 (12.0, 10)
ok 105 - Icecave\Woodhouse\Coverage\CoverageImageSelectorTest::testRoundPercentage with data set #25 (12.5, 10)
ok 106 - Icecave\Woodhouse\Coverage\CoverageImageSelectorTest::testRoundPercentage with data set #26 (13.0, 10)
ok 107 - Icecave\Woodhouse\Coverage\CoverageImageSelectorTest::testRoundPercentage with data set #27 (13.5, 10)
ok 108 - Icecave\Woodhouse\Coverage\CoverageImageSelectorTest::testRoundPercentage with data set #28 (14.0, 10)
ok 109 - Icecave\Woodhouse\Coverage\CoverageImageSelectorTest::testRoundPercentage with data set #29 (14.5, 10)
ok 110 - Icecave\Woodhouse\Coverage\CoverageImageSelectorTest::testRoundPercentage with data set #30 (15.0, 15)
ok 111 - Icecave\Woodhouse\Coverage\CoverageImageSelectorTest::testRoundPercentage with data set #31 (15.5, 15)
ok 112 - Icecave\Woodhouse\Coverage\CoverageImageSelectorTest::testRoundPercentage with data set #32 (16.0, 15)
ok 113 - Icecave\Woodhouse\Coverage\CoverageImageSelectorTest::testRoundPercentage with data set #33 (16.5, 15)
ok 114 - Icecave\Woodhouse\Coverage\CoverageImageSelectorTest::testRoundPercentage with data set #34 (17.0, 15)
ok 115 - Icecave\Woodhouse\Coverage\CoverageImageSelectorTest::testRoundPercentage with data set #35 (17.5, 15)
ok 116 - Icecave\Woodhouse\Coverage\CoverageImageSelectorTest::testRoundPercentage with data set #36 (18.0, 15)
ok 117 - Icecave\Woodhouse\Coverage\CoverageImageSelectorTest::testRoundPercentage with data set #37 (18.5, 15)
ok 118 - Icecave\Woodhouse\Coverage\CoverageImageSelectorTest::testRoundPercentage with data set #38 (19.0, 15)
ok 119 - Icecave\Woodhouse\Coverage\CoverageImageSelectorTest::testRoundPercentage with data set #39 (19.5, 15)
ok 120 - Icecave\Woodhouse\Coverage\CoverageImageSelectorTest::testRoundPercentage with data set #40 (20.0, 20)
ok 121 - Icecave\Woodhouse\Coverage\CoverageImageSelectorTest::testRoundPercentage with data set #41 (20.5, 20)
ok 122 - Icecave\Woodhouse\Coverage\CoverageImageSelectorTest::testRoundPercentage with data set #42 (21.0, 20)
ok 123 - Icecave\Woodhouse\Coverage\CoverageImageSelectorTest::testRoundPercentage with data set #43 (21.5, 20)
ok 124 - Icecave\Woodhouse\Coverage\CoverageImageSelectorTest::testRoundPercentage with data set #44 (22.0, 20)
ok 125 - Icecave\Woodhouse\Coverage\CoverageImageSelectorTest::testRoundPercentage with data set #45 (22.5, 20)
ok 126 - Icecave\Woodhouse\Coverage\CoverageImageSelectorTest::testRoundPercentage with data set #46 (23.0, 20)
ok 127 - Icecave\Woodhouse\Coverage\CoverageImageSelectorTest::testRoundPercentage with data set #47 (23.5, 20)
ok 128 - Icecave\Woodhouse\Coverage\CoverageImageSelectorTest::testRoundPercentage with data set #48 (24.0, 20)
ok 129 - Icecave\Woodhouse\Coverage\CoverageImageSelectorTest::testRoundPercentage with data set #49 (24.5, 20)
ok 130 - Icecave\Woodhouse\Coverage\CoverageImageSelectorTest::testRoundPercentage with data set #50 (25.0, 25)
ok 131 - Icecave\Woodhouse\Coverage\CoverageImageSelectorTest::testRoundPercentage with data set #51 (25.5, 25)
ok 132 - Icecave\Woodhouse\Coverage\CoverageImageSelectorTest::testRoundPercentage with data set #52 (26.0, 25)
ok 133 - Icecave\Woodhouse\Coverage\CoverageImageSelectorTest::testRoundPercentage with data set #53 (26.5, 25)
ok 134 - Icecave\Woodhouse\Coverage\CoverageImageSelectorTest::testRoundPercentage with data set #54 (27.0, 25)
ok 135 - Icecave\Woodhouse\Coverage\CoverageImageSelectorTest::testRoundPercentage with data set #55 (27.5, 25)
ok 136 - Icecave\Woodhouse\Coverage\CoverageImageSelectorTest::testRoundPercentage with data set #56 (28.0, 25)
ok 137 - Icecave\Woodhouse\Coverage\CoverageImageSelectorTest::testRoundPercentage with data set #57 (28.5, 25)
ok 138 - Icecave\Woodhouse\Coverage\CoverageImageSelectorTest::testRoundPercentage with data set #58 (29.0, 25)
ok 139 - Icecave\Woodhouse\Coverage\CoverageImageSelectorTest::testRoundPercentage with data set #59 (29.5, 25)
ok 140 - Icecave\Woodhouse\Coverage\CoverageImageSelectorTest::testRoundPercentage with data set #60 (30.0, 30)
ok 141 - Icecave\Woodhouse\Coverage\CoverageImageSelectorTest::testRoundPercentage with data set #61 (30.5, 30)
ok 142 - Icecave\Woodhouse\Coverage\CoverageImageSelectorTest::testRoundPercentage with data set #62 (31.0, 30)
ok 143 - Icecave\Woodhouse\Coverage\CoverageImageSelectorTest::testRoundPercentage with data set #63 (31.5, 30)
ok 144 - Icecave\Woodhouse\Coverage\CoverageImageSelectorTest::testRoundPercentage with data set #64 (32.0, 30)
ok 145 - Icecave\Woodhouse\Coverage\CoverageImageSelectorTest::testRoundPercentage with data set #65 (32.5, 30)
ok 146 - Icecave\Woodhouse\Coverage\CoverageImageSelectorTest::testRoundPercentage with data set #66 (33.0, 30)
ok 147 - Icecave\Woodhouse\Coverage\CoverageImageSelectorTest::testRoundPercentage with data set #67 (33.5, 30)
ok 148 - Icecave\Woodhouse\Coverage\CoverageImageSelectorTest::testRoundPercentage with data set #68 (34.0, 30)
ok 149 - Icecave\Woodhouse\Coverage\CoverageImageSelectorTest::testRoundPercentage with data set #69 (34.5, 30)
ok 150 - Icecave\Woodhouse\Coverage\CoverageImageSelectorTest::testRoundPercentage with data set #70 (35.0, 35)
ok 151 - Icecave\Woodhouse\Coverage\CoverageImageSelectorTest::testRoundPercentage with data set #71 (35.5, 35)
ok 152 - Icecave\Woodhouse\Coverage\CoverageImageSelectorTest::testRoundPercentage with data set #72 (36.0, 35)
ok 153 - Icecave\Woodhouse\Coverage\CoverageImageSelectorTest::testRoundPercentage with data set #73 (36.5, 35)
ok 154 - Icecave\Woodhouse\Coverage\CoverageImageSelectorTest::testRoundPercentage with data set #74 (37.0, 35)
ok 155 - Icecave\Woodhouse\Coverage\CoverageImageSelectorTest::testRoundPercentage with data set #75 (37.5, 35)
ok 156 - Icecave\Woodhouse\Coverage\CoverageImageSelectorTest::testRoundPercentage with data set #76 (38.0, 35)
ok 157 - Icecave\Woodhouse\Coverage\CoverageImageSelectorTest::testRoundPercentage with data set #77 (38.5, 35)
ok 158 - Icecave\Woodhouse\Coverage\CoverageImageSelectorTest::testRoundPercentage with data set #78 (39.0, 35)
ok 159 - Icecave\Woodhouse\Coverage\CoverageImageSelectorTest::testRoundPercentage with data set #79 (39.5, 35)
ok 160 - Icecave\Woodhouse\Coverage\CoverageImageSelectorTest::testRoundPercentage with data set #80 (40.0, 40)
ok 161 - Icecave\Woodhouse\Coverage\CoverageImageSelectorTest::testRoundPercentage with data set #81 (40.5, 40)
ok 162 - Icecave\Woodhouse\Coverage\CoverageImageSelectorTest::testRoundPercentage with data set #82 (41.0, 40)
ok 163 - Icecave\Woodhouse\Coverage\CoverageImageSelectorTest::testRoundPercentage with data set #83 (41.5, 40)
ok 164 - Icecave\Woodhouse\Coverage\CoverageImageSelectorTest::testRoundPercentage with data set #84 (42.0, 40)
ok 165 - Icecave\Woodhouse\Coverage\CoverageImageSelectorTest::testRoundPercentage with data set #85 (42.5, 40)
ok 166 - Icecave\Woodhouse\Coverage\CoverageImageSelectorTest::testRoundPercentage with data set #86 (43.0, 40)
ok 167 - Icecave\Woodhouse\Coverage\CoverageImageSelectorTest::testRoundPercentage with data set #87 (43.5, 40)
ok 168 - Icecave\Woodhouse\Coverage\CoverageImageSelectorTest::testRoundPercentage with data set #88 (44.0, 40)
ok 169 - Icecave\Woodhouse\Coverage\CoverageImageSelectorTest::testRoundPercentage with data set #89 (44.5, 40)
ok 170 - Icecave\Woodhouse\Coverage\CoverageImageSelectorTest::testRoundPercentage with data set #90 (45.0, 45)
ok 171 - Icecave\Woodhouse\Coverage\CoverageImageSelectorTest::testRoundPercentage with data set #91 (45.5, 45)
ok 172 - Icecave\Woodhouse\Coverage\CoverageImageSelectorTest::testRoundPercentage with data set #92 (46.0, 45)
ok 173 - Icecave\Woodhouse\Coverage\CoverageImageSelectorTest::testRoundPercentage with data set #93 (46.5, 45)
ok 174 - Icecave\Woodhouse\Coverage\CoverageImageSelectorTest::testRoundPercentage with data set #94 (47.0, 45)
ok 175 - Icecave\Woodhouse\Coverage\CoverageImageSelectorTest::testRoundPercentage with data set #95 (47.5, 45)
ok 176 - Icecave\Woodhouse\Coverage\CoverageImageSelectorTest::testRoundPercentage with data set #96 (48.0, 45)
ok 177 - Icecave\Woodhouse\Coverage\CoverageImageSelectorTest::testRoundPercentage with data set #97 (48.5, 45)
ok 178 - Icecave\Woodhouse\Coverage\CoverageImageSelectorTest::testRoundPercentage with data set #98 (49.0, 45)
ok 179 - Icecave\Woodhouse\Coverage\CoverageImageSelectorTest::testRoundPercentage with data set #99 (49.5, 45)
ok 180 - Icecave\Woodhouse\Coverage\CoverageImageSelectorTest::testRoundPercentage with data set #100 (50.0, 50)
ok 181 - Icecave\Woodhouse\Coverage\CoverageImageSelectorTest::testRoundPercentage with data set #101 (50.5, 50)
ok 182 - Icecave\Woodhouse\Coverage\CoverageImageSelectorTest::testRoundPercentage with data set #102 (51.0, 50)
ok 183 - Icecave\Woodhouse\Coverage\CoverageImageSelectorTest::testRoundPercentage with data set #103 (51.5, 50)
ok 184 - Icecave\Woodhouse\Coverage\CoverageImageSelectorTest::testRoundPercentage with data set #104 (52.0, 50)
ok 185 - Icecave\Woodhouse\Coverage\CoverageImageSelectorTest::testRoundPercentage with data set #105 (52.5, 50)
ok 186 - Icecave\Woodhouse\Coverage\CoverageImageSelectorTest::testRoundPercentage with data set #106 (53.0, 50)
ok 187 - Icecave\Woodhouse\Coverage\CoverageImageSelectorTest::testRoundPercentage with data set #107 (53.5, 50)
ok 188 - Icecave\Woodhouse\Coverage\CoverageImageSelectorTest::testRoundPercentage with data set #108 (54.0, 50)
ok 189 - Icecave\Woodhouse\Coverage\CoverageImageSelectorTest::testRoundPercentage with data set #109 (54.5, 50)
ok 190 - Icecave\Woodhouse\Coverage\CoverageImageSelectorTest::testRoundPercentage with data set #110 (55.0, 55)
ok 191 - Icecave\Woodhouse\Coverage\CoverageImageSelectorTest::testRoundPercentage with data set #111 (55.5, 55)
ok 192 - Icecave\Woodhouse\Coverage\CoverageImageSelectorTest::testRoundPercentage with data set #112 (56.0, 55)
ok 193 - Icecave\Woodhouse\Coverage\CoverageImageSelectorTest::testRoundPercentage with data set #113 (56.5, 55)
ok 194 - Icecave\Woodhouse\Coverage\CoverageImageSelectorTest::testRoundPercentage with data set #114 (57.0, 55)
ok 195 - Icecave\Woodhouse\Coverage\CoverageImageSelectorTest::testRoundPercentage with data set #115 (57.5, 55)
ok 196 - Icecave\Woodhouse\Coverage\CoverageImageSelectorTest::testRoundPercentage with data set #116 (58.0, 55)
ok 197 - Icecave\Woodhouse\Coverage\CoverageImageSelectorTest::testRoundPercentage with data set #117 (58.5, 55)
ok 198 - Icecave\Woodhouse\Coverage\CoverageImageSelectorTest::testRoundPercentage with data set #118 (59.0, 55)
ok 199 - Icecave\Woodhouse\Coverage\CoverageImageSelectorTest::testRoundPercentage with data set #119 (59.5, 55)
ok 200 - Icecave\Woodhouse\Coverage\CoverageImageSelectorTest::testRoundPercentage with data set #120 (60.0, 60)
ok 201 - Icecave\Woodhouse\Coverage\CoverageImageSelectorTest::testRoundPercentage with data set #121 (60.5, 60)
ok 202 - Icecave\Woodhouse\Coverage\CoverageImageSelectorTest::testRoundPercentage with data set #122 (61.0, 60)
ok 203 - Icecave\Woodhouse\Coverage\CoverageImageSelectorTest::testRoundPercentage with data set #123 (61.5, 60)
ok 204 - Icecave\Woodhouse\Coverage\CoverageImageSelectorTest::testRoundPercentage with data set #124 (62.0, 60)
ok 205 - Icecave\Woodhouse\Coverage\CoverageImageSelectorTest::testRoundPercentage with data set #125 (62.5, 60)
ok 206 - Icecave\Woodhouse\Coverage\CoverageImageSelectorTest::testRoundPercentage with data set #126 (63.0, 60)
ok 207 - Icecave\Woodhouse\Coverage\CoverageImageSelectorTest::testRoundPercentage with data set #127 (63.5, 60)
ok 208 - Icecave\Woodhouse\Coverage\CoverageImageSelectorTest::testRoundPercentage with data set #128 (64.0, 60)
ok 209 - Icecave\Woodhouse\Coverage\CoverageImageSelectorTest::testRoundPercentage with data set #129 (64.5, 60)
ok 210 - Icecave\Woodhouse\Coverage\CoverageImageSelectorTest::testRoundPercentage with data set #130 (65.0, 65)
ok 211 - Icecave\Woodhouse\Coverage\CoverageImageSelectorTest::testRoundPercentage with data set #131 (65.5, 65)
ok 212 - Icecave\Woodhouse\Coverage\CoverageImageSelectorTest::testRoundPercentage with data set #132 (66.0, 65)
ok 213 - Icecave\Woodhouse\Coverage\CoverageImageSelectorTest::testRoundPercentage with data set #133 (66.5, 65)
ok 214 - Icecave\Woodhouse\Coverage\CoverageImageSelectorTest::testRoundPercentage with data set #134 (67.0, 65)
ok 215 - Icecave\Woodhouse\Coverage\CoverageImageSelectorTest::testRoundPercentage with data set #135 (67.5, 65)
ok 216 - Icecave\Woodhouse\Coverage\CoverageImageSelectorTest::testRoundPercentage with data set #136 (68.0, 65)
ok 217 - Icecave\Woodhouse\Coverage\CoverageImageSelectorTest::testRoundPercentage with data set #137 (68.5, 65)
ok 218 - Icecave\Woodhouse\Coverage\CoverageImageSelectorTest::testRoundPercentage with data set #138 (69.0, 65)
ok 219 - Icecave\Woodhouse\Coverage\CoverageImageSelectorTest::testRoundPercentage with data set #139 (69.5, 65)
ok 220 - Icecave\Woodhouse\Coverage\CoverageImageSelectorTest::testRoundPercentage with data set #140 (70.0, 70)
ok 221 - Icecave\Woodhouse\Coverage\CoverageImageSelectorTest::testRoundPercentage with data set #141 (70.5, 70)
ok 222 - Icecave\Woodhouse\Coverage\CoverageImageSelectorTest::testRoundPercentage with data set #142 (71.0, 70)
ok 223 - Icecave\Woodhouse\Coverage\CoverageImageSelectorTest::testRoundPercentage with data set #143 (71.5, 70)
ok 224 - Icecave\Woodhouse\Coverage\CoverageImageSelectorTest::testRoundPercentage with data set #144 (72.0, 70)
ok 225 - Icecave\Woodhouse\Coverage\CoverageImageSelectorTest::testRoundPercentage with data set #145 (72.5, 70)
ok 226 - Icecave\Woodhouse\Coverage\CoverageImageSelectorTest::testRoundPercentage with data set #146 (73.0, 70)
ok 227 - Icecave\Woodhouse\Coverage\CoverageImageSelectorTest::testRoundPercentage with data set #147 (73.5, 70)
ok 228 - Icecave\Woodhouse\Coverage\CoverageImageSelectorTest::testRoundPercentage with data set #148 (74.0, 70)
ok 229 - Icecave\Woodhouse\Coverage\CoverageImageSelectorTest::testRoundPercentage with data set #149 (74.5, 70)
ok 230 - Icecave\Woodhouse\Coverage\CoverageImageSelectorTest::testRoundPercentage with data set #150 (75.0, 75)
ok 231 - Icecave\Woodhouse\Coverage\CoverageImageSelectorTest::testRoundPercentage with data set #151 (75.5, 75)
ok 232 - Icecave\Woodhouse\Coverage\CoverageImageSelectorTest::testRoundPercentage with data set #152 (76.0, 75)
ok 233 - Icecave\Woodhouse\Coverage\CoverageImageSelectorTest::testRoundPercentage with data set #153 (76.5, 75)
ok 234 - Icecave\Woodhouse\Coverage\CoverageImageSelectorTest::testRoundPercentage with data set #154 (77.0, 75)
ok 235 - Icecave\Woodhouse\Coverage\CoverageImageSelectorTest::testRoundPercentage with data set #155 (77.5, 75)
ok 236 - Icecave\Woodhouse\Coverage\CoverageImageSelectorTest::testRoundPercentage with data set #156 (78.0, 75)
ok 237 - Icecave\Woodhouse\Coverage\CoverageImageSelectorTest::testRoundPercentage with data set #157 (78.5, 75)
ok 238 - Icecave\Woodhouse\Coverage\CoverageImageSelectorTest::testRoundPercentage with data set #158 (79.0, 75)
ok 239 - Icecave\Woodhouse\Coverage\CoverageImageSelectorTest::testRoundPercentage with data set #159 (79.5, 75)
ok 240 - Icecave\Woodhouse\Coverage\CoverageImageSelectorTest::testRoundPercentage with data set #160 (80.0, 80)
ok 241 - Icecave\Woodhouse\Coverage\CoverageImageSelectorTest::testRoundPercentage with data set #161 (80.5, 80)
ok 242 - Icecave\Woodhouse\Coverage\CoverageImageSelectorTest::testRoundPercentage with data set #162 (81.0, 80)
ok 243 - Icecave\Woodhouse\Coverage\CoverageImageSelectorTest::testRoundPercentage with data set #163 (81.5, 80)
ok 244 - Icecave\Woodhouse\Coverage\CoverageImageSelectorTest::testRoundPercentage with data set #164 (82.0, 80)
ok 245 - Icecave\Woodhouse\Coverage\CoverageImageSelectorTest::testRoundPercentage with data set #165 (82.5, 80)
ok 246 - Icecave\Woodhouse\Coverage\CoverageImageSelectorTest::testRoundPercentage with data set #166 (83.0, 80)
ok 247 - Icecave\Woodhouse\Coverage\CoverageImageSelectorTest::testRoundPercentage with data set #167 (83.5, 80)
ok 248 - Icecave\Woodhouse\Coverage\CoverageImageSelectorTest::testRoundPercentage with data set #168 (84.0, 80)
ok 249 - Icecave\Woodhouse\Coverage\CoverageImageSelectorTest::testRoundPercentage with data set #169 (84.5, 80)
ok 250 - Icecave\Woodhouse\Coverage\CoverageImageSelectorTest::testRoundPercentage with data set #170 (85.0, 85)
ok 251 - Icecave\Woodhouse\Coverage\CoverageImageSelectorTest::testRoundPercentage with data set #171 (85.5, 85)
ok 252 - Icecave\Woodhouse\Coverage\CoverageImageSelectorTest::testRoundPercentage with data set #172 (86.0, 85)
ok 253 - Icecave\Woodhouse\Coverage\CoverageImageSelectorTest::testRoundPercentage with data set #173 (86.5, 85)
ok 254 - Icecave\Woodhouse\Coverage\CoverageImageSelectorTest::testRoundPercentage with data set #174 (87.0, 85)
ok 255 - Icecave\Woodhouse\Coverage\CoverageImageSelectorTest::testRoundPercentage with data set #175 (87.5, 85)
ok 256 - Icecave\Woodhouse\Coverage\CoverageImageSelectorTest::testRoundPercentage with data set #176 (88.0, 85)
ok 257 - Icecave\Woodhouse\Coverage\CoverageImageSelectorTest::testRoundPercentage with data set #177 (88.5, 85)
ok 258 - Icecave\Woodhouse\Coverage\CoverageImageSelectorTest::testRoundPercentage with data set #178 (89.0, 85)
ok 259 - Icecave\Woodhouse\Coverage\CoverageImageSelectorTest::testRoundPercentage with data set #179 (89.5, 85)
ok 260 - Icecave\Woodhouse\Coverage\CoverageImageSelectorTest::testRoundPercentage with data set #180 (90.0, 90)
ok 261 - Icecave\Woodhouse\Coverage\CoverageImageSelectorTest::testRoundPercentage with data set #181 (90.5, 90)
ok 262 - Icecave\Woodhouse\Coverage\CoverageImageSelectorTest::testRoundPercentage with data set #182 (91.0, 90)
ok 263 - Icecave\Woodhouse\Coverage\CoverageImageSelectorTest::testRoundPercentage with data set #183 (91.5, 90)
ok 264 - Icecave\Woodhouse\Coverage\CoverageImageSelectorTest::testRoundPercentage with data set #184 (92.0, 90)
ok 265 - Icecave\Woodhouse\Coverage\CoverageImageSelectorTest::testRoundPercentage with data set #185 (92.5, 90)
ok 266 - Icecave\Woodhouse\Coverage\CoverageImageSelectorTest::testRoundPercentage with data set #186 (93.0, 90)
ok 267 - Icecave\Woodhouse\Coverage\CoverageImageSelectorTest::testRoundPercentage with data set #187 (93.5, 90)
ok 268 - Icecave\Woodhouse\Coverage\CoverageImageSelectorTest::testRoundPercentage with data set #188 (94.0, 90)
ok 269 - Icecave\Woodhouse\Coverage\CoverageImageSelectorTest::testRoundPercentage with data set #189 (94.5, 90)
ok 270 - Icecave\Woodhouse\Coverage\CoverageImageSelectorTest::testRoundPercentage with data set #190 (95.0, 95)
ok 271 - Icecave\Woodhouse\Coverage\CoverageImageSelectorTest::testRoundPercentage with data set #191 (95.5, 95)
ok 272 - Icecave\Woodhouse\Coverage\CoverageImageSelectorTest::testRoundPercentage with data set #192 (96.0, 95)
ok 273 - Icecave\Woodhouse\Coverage\CoverageImageSelectorTest::testRoundPercentage with data set #193 (96.5, 95)
ok 274 - Icecave\Woodhouse\Coverage\CoverageImageSelectorTest::testRoundPercentage with data set #194 (97.0, 95)
ok 275 - Icecave\Woodhouse\Coverage\CoverageImageSelectorTest::testRoundPercentage with data set #195 (97.5, 95)
ok 276 - Icecave\Woodhouse\Coverage\CoverageImageSelectorTest::testRoundPercentage with data set #196 (98.0, 95)
ok 277 - Icecave\Woodhouse\Coverage\CoverageImageSelectorTest::testRoundPercentage with data set #197 (98.5, 95)
ok 278 - Icecave\Woodhouse\Coverage\CoverageImageSelectorTest::testRoundPercentage with data set #198 (99.0, 95)
ok 279 - Icecave\Woodhouse\Coverage\CoverageImageSelectorTest::testRoundPercentage with data set #199 (99.5, 95)
ok 280 - Icecave\Woodhouse\Coverage\CoverageImageSelectorTest::testRoundPercentage with data set #200 (100.0, 100)
ok 281 - Icecave\Woodhouse\Coverage\CoverageImageSelectorTest::testImageFilename
ok 282 - Icecave\Woodhouse\Coverage\CoverageImageSelectorTest::testErrorImageFilename
ok 283 - Icecave\Woodhouse\Coverage\CoverageImageSelectorTest::testUnknownImageFilename
ok 284 - Icecave\Woodhouse\Coverage\CoverageReaderFactoryTest::testSupportedTypes
ok 285 - Icecave\Woodhouse\Coverage\CoverageReaderFactoryTest::testCreatePhpUnit
ok 286 - Icecave\Woodhouse\Coverage\CoverageReaderFactoryTest::testCreateCommandLine
ok 287 - Icecave\Woodhouse\Coverage\CoverageReaderFactoryTest::testCreateFailure
ok 288 - Icecave\Woodhouse\Coverage\Readers\CommandLineReaderTest::testReadPercentage
ok 289 - Icecave\Woodhouse\Coverage\Readers\PhpUnitTextReaderTest::testReadPercentage
ok 290 - Icecave\Woodhouse\Coverage\Readers\PhpUnitTextReaderTest::testReadPercentageFailure
ok 291 - Icecave\Woodhouse\Coverage\Readers\PhpUnitTextReaderTest::testWithZeroExecutableLines
ok 292 - Icecave\Woodhouse\Git\GitTest::testConstructorDefaults
ok 293 - Icecave\Woodhouse\Git\GitTest::testConstructor
ok 294 - Icecave\Woodhouse\Git\GitTest::testCloneRepo
ok 295 - Icecave\Woodhouse\Git\GitTest::testCloneRepoWithExplicitBranch
ok 296 - Icecave\Woodhouse\Git\GitTest::testCheckout
ok 297 - Icecave\Woodhouse\Git\GitTest::testCheckoutOrphan
ok 298 - Icecave\Woodhouse\Git\GitTest::testAdd
ok 299 - Icecave\Woodhouse\Git\GitTest::testRemove
ok 300 - Icecave\Woodhouse\Git\GitTest::testDiff
ok 301 - Icecave\Woodhouse\Git\GitTest::testDiffStagedFiles
ok 302 - Icecave\Woodhouse\Git\GitTest::testCommit
ok 303 - Icecave\Woodhouse\Git\GitTest::testPush
ok 304 - Icecave\Woodhouse\Git\GitTest::testPushWithExplicitBranch
ok 305 - Icecave\Woodhouse\Git\GitTest::testPull
ok 306 - Icecave\Woodhouse\Git\GitTest::testSetConfig
ok 307 - Icecave\Woodhouse\Git\GitTest::testExecute
ok 308 - Icecave\Woodhouse\Git\GitTest::testExecuteFailure
ok 309 - Icecave\Woodhouse\Git\GitTest::testCreateProcess
ok 310 - Icecave\Woodhouse\GitHub\GitHubClientFactoryTest::testConstructor
ok 311 - Icecave\Woodhouse\GitHub\GitHubClientFactoryTest::testSetUserAgent
ok 312 - Icecave\Woodhouse\GitHub\GitHubClientFactoryTest::testConstructorDefaults
ok 313 - Icecave\Woodhouse\GitHub\GitHubClientFactoryTest::testCreate
ok 314 - Icecave\Woodhouse\GitHub\GitHubClientFactoryTest::testCreateWithUserAgent
ok 315 - Icecave\Woodhouse\GitHub\GitHubClientFactoryTest::testCreateWithCredentials
ok 316 - Icecave\Woodhouse\GitHub\GitHubClientTest::testConstruct
ok 317 - Icecave\Woodhouse\GitHub\GitHubClientTest::testConstructDefaults
ok 318 - Icecave\Woodhouse\GitHub\GitHubClientTest::testAuthorizations
ok 319 - Icecave\Woodhouse\GitHub\GitHubClientTest::testAuthorizationsMatching with data set "Match by name" (array(stdClass Object (...), stdClass Object (...), stdClass Object (...), stdClass Object (...), stdClass Object (...), stdClass Object (...)), '/foo/', null, array(stdClass Object (...), stdClass Object (...), stdClass Object (...), stdClass Object (...)))
ok 320 - Icecave\Woodhouse\GitHub\GitHubClientTest::testAuthorizationsMatching with data set "Match by url" (array(stdClass Object (...), stdClass Object (...), stdClass Object (...), stdClass Object (...), stdClass Object (...), stdClass Object (...)), null, '/baz/', array(stdClass Object (...), stdClass Object (...), stdClass Object (...), stdClass Object (...)))
ok 321 - Icecave\Woodhouse\GitHub\GitHubClientTest::testAuthorizationsMatching with data set "Match by name and url" (array(stdClass Object (...), stdClass Object (...), stdClass Object (...), stdClass Object (...), stdClass Object (...), stdClass Object (...)), '/foo/', '/baz/', array(stdClass Object (...), stdClass Object (...)))
ok 322 - Icecave\Woodhouse\GitHub\GitHubClientTest::testAuthorizationsFailureInvalidJson
ok 323 - Icecave\Woodhouse\GitHub\GitHubClientTest::testAuthorizationsFailureHTTP
ok 324 - Icecave\Woodhouse\GitHub\GitHubClientTest::testCreateAuthorization
ok 325 - Icecave\Woodhouse\GitHub\GitHubClientTest::testCreateAuthorizationAllOptions
ok 326 - Icecave\Woodhouse\GitHub\GitHubClientTest::testCreateAuthorizationFailureInvalidJson
ok 327 - Icecave\Woodhouse\GitHub\GitHubClientTest::testCreateAuthorizationFailureHTTP
ok 328 - Icecave\Woodhouse\GitHub\GitHubClientTest::testDeleteAuthorization
ok 329 - Icecave\Woodhouse\GitHub\GitHubClientTest::testDeleteAuthorizationFailureHTTP
ok 330 - Icecave\Woodhouse\Publisher\AbstractPublisherTest::testConstruct
ok 331 - Icecave\Woodhouse\Publisher\AbstractPublisherTest::testAdd
ok 332 - Icecave\Woodhouse\Publisher\AbstractPublisherTest::testAddRemovesLeadingSlashes
ok 333 - Icecave\Woodhouse\Publisher\AbstractPublisherTest::testRemove
ok 334 - Icecave\Woodhouse\Publisher\AbstractPublisherTest::testClear
ok 335 - Icecave\Woodhouse\Publisher\GitHubPublisherTest::testConstructorDefaults
ok 336 - Icecave\Woodhouse\Publisher\GitHubPublisherTest::testOutputFilter
ok 337 - Icecave\Woodhouse\Publisher\GitHubPublisherTest::testRepository
ok 338 - Icecave\Woodhouse\Publisher\GitHubPublisherTest::testSetRepository
ok 339 - Icecave\Woodhouse\Publisher\GitHubPublisherTest::testSetRepositoryFailure
ok 340 - Icecave\Woodhouse\Publisher\GitHubPublisherTest::testRepositoryUrl
ok 341 - Icecave\Woodhouse\Publisher\GitHubPublisherTest::testBranch
ok 342 - Icecave\Woodhouse\Publisher\GitHubPublisherTest::testSetBranch
ok 343 - Icecave\Woodhouse\Publisher\GitHubPublisherTest::testCommitMessage
ok 344 - Icecave\Woodhouse\Publisher\GitHubPublisherTest::testSetCommitMessage
ok 345 - Icecave\Woodhouse\Publisher\GitHubPublisherTest::testAuthToken
ok 346 - Icecave\Woodhouse\Publisher\GitHubPublisherTest::testSetAuthToken
ok 347 - Icecave\Woodhouse\Publisher\GitHubPublisherTest::testSetAuthTokenFailure
ok 348 - Icecave\Woodhouse\Publisher\GitHubPublisherTest::testPublish
ok 349 - Icecave\Woodhouse\Publisher\GitHubPublisherTest::testPublishNoChanges
ok 350 - Icecave\Woodhouse\Publisher\GitHubPublisherTest::testPublishMakeContentDirectories
ok 351 - Icecave\Woodhouse\Publisher\GitHubPublisherTest::testPublishToNewBranch
ok 352 - Icecave\Woodhouse\Publisher\GitHubPublisherTest::testPublishSuccessPushAttemptsExhausted
ok 353 - Icecave\Woodhouse\Publisher\GitHubPublisherTest::testPublishFailurePushAttemptsExhausted
ok 354 - Icecave\Woodhouse\Publisher\GitHubPublisherTest::testPublishFailureNoRepository
ok 355 - Icecave\Woodhouse\Publisher\GitHubPublisherTest::testPublishCloneFailure
ok 356 - Icecave\Woodhouse\Publisher\GitHubPublisherTest::testDryRun
ok 357 - Icecave\Woodhouse\Publisher\GitHubPublisherTest::testDryRunNoChanges
1..357
